// Jest Snapshot v1, https://goo.gl/fbAQLP

exports[`NewBlogModal should match snapshot 1`] = `
<div
  aria-labelledby="responsive-dialog-title"
  class="MuiPaper-root MuiDialog-paper MuiDialog-paperScrollPaper MuiDialog-paperWidthLg MuiPaper-elevation24 MuiPaper-rounded"
  role="dialog"
>
  <div
    class="MuiDialogTitle-root"
    id="responsive-dialog-title"
  >
    <h2
      class="MuiTypography-root MuiTypography-h6"
    >
      Dodaj nowy blog
    </h2>
  </div>
  <form
    novalidate=""
  >
    <div
      class="MuiDialogContent-root makeStyles-dialogContent-4"
    >
      <div
        class="MuiFormControl-root MuiTextField-root makeStyles-formInput-3 MuiFormControl-fullWidth"
      >
        <label
          class="MuiFormLabel-root MuiInputLabel-root MuiInputLabel-formControl MuiInputLabel-animated MuiInputLabel-outlined Mui-required Mui-required"
          data-shrink="false"
          for="outlined-basic"
          id="outlined-basic-label"
        >
          Tytuł bloga
          <span
            aria-hidden="true"
            class="MuiFormLabel-asterisk MuiInputLabel-asterisk"
          >
             
            *
          </span>
        </label>
        <div
          class="MuiInputBase-root MuiOutlinedInput-root MuiInputBase-fullWidth MuiInputBase-formControl"
        >
          <input
            aria-invalid="false"
            class="MuiInputBase-input MuiOutlinedInput-input"
            id="outlined-basic"
            name="title"
            required=""
            type="text"
            value=""
          />
          <fieldset
            aria-hidden="true"
            class="PrivateNotchedOutline-root-5 MuiOutlinedInput-notchedOutline"
          >
            <legend
              class="PrivateNotchedOutline-legendLabelled-7"
            >
              <span>
                Tytuł bloga
                 *
              </span>
            </legend>
          </fieldset>
        </div>
      </div>
      <input
        accept="image/*"
        class="makeStyles-input-2"
        id="icon-button-file"
        name="photo"
        required=""
        type="file"
      />
      <label
        for="icon-button-file"
      >
        <span
          aria-disabled="false"
          class="MuiButtonBase-root MuiButton-root MuiButton-contained MuiButton-containedPrimary"
          role="button"
          tabindex="0"
        >
          <span
            class="MuiButton-label"
          >
            <span
              class="MuiButton-startIcon MuiButton-iconSizeMedium"
            >
              <svg
                aria-hidden="true"
                class="MuiSvgIcon-root"
                focusable="false"
                viewBox="0 0 24 24"
              >
                <circle
                  cx="12"
                  cy="12"
                  r="3.2"
                />
                <path
                  d="M9 2L7.17 4H4c-1.1 0-2 .9-2 2v12c0 1.1.9 2 2 2h16c1.1 0 2-.9 2-2V6c0-1.1-.9-2-2-2h-3.17L15 2H9zm3 15c-2.76 0-5-2.24-5-5s2.24-5 5-5 5 2.24 5 5-2.24 5-5 5z"
                />
              </svg>
            </span>
            Dodaj zdjęcie kafelka
          </span>
          <span
            class="MuiTouchRipple-root"
          />
        </span>
      </label>
      <div
        class="MuiFormControl-root MuiTextField-root makeStyles-formInput-3 MuiFormControl-fullWidth"
      >
        <label
          class="MuiFormLabel-root MuiInputLabel-root MuiInputLabel-formControl MuiInputLabel-animated MuiInputLabel-shrink MuiInputLabel-outlined Mui-disabled Mui-disabled MuiFormLabel-filled"
          data-shrink="true"
        >
          Nazwa pliku
        </label>
        <div
          class="MuiInputBase-root MuiOutlinedInput-root Mui-disabled Mui-disabled MuiInputBase-fullWidth MuiInputBase-formControl"
        >
          <input
            aria-invalid="false"
            class="MuiInputBase-input MuiOutlinedInput-input Mui-disabled Mui-disabled"
            disabled=""
            name="photo.title"
            type="text"
            value="Brak."
          />
          <fieldset
            aria-hidden="true"
            class="PrivateNotchedOutline-root-5 MuiOutlinedInput-notchedOutline"
          >
            <legend
              class="PrivateNotchedOutline-legendLabelled-7 PrivateNotchedOutline-legendNotched-8"
            >
              <span>
                Nazwa pliku
              </span>
            </legend>
          </fieldset>
        </div>
      </div>
      <label
        class="MuiFormControlLabel-root"
      >
        <span
          aria-disabled="false"
          class="MuiButtonBase-root MuiIconButton-root PrivateSwitchBase-root-9 MuiCheckbox-root MuiCheckbox-colorPrimary MuiIconButton-colorPrimary"
        >
          <span
            class="MuiIconButton-label"
          >
            <input
              class="PrivateSwitchBase-input-12"
              data-indeterminate="false"
              name="showTitle"
              type="checkbox"
              value=""
            />
            <svg
              aria-hidden="true"
              class="MuiSvgIcon-root"
              focusable="false"
              viewBox="0 0 24 24"
            >
              <path
                d="M19 5v14H5V5h14m0-2H5c-1.1 0-2 .9-2 2v14c0 1.1.9 2 2 2h14c1.1 0 2-.9 2-2V5c0-1.1-.9-2-2-2z"
              />
            </svg>
          </span>
          <span
            class="MuiTouchRipple-root"
          />
        </span>
        <span
          class="MuiTypography-root MuiFormControlLabel-label MuiTypography-body1"
        >
          Tytuł widoczny na kafelku
        </span>
      </label>
    </div>
    <div
      class="MuiDialogActions-root MuiDialogActions-spacing"
    >
      <button
        class="MuiButtonBase-root MuiButton-root MuiButton-contained MuiButton-containedPrimary Mui-focusVisible Mui-focusVisible"
        tabindex="0"
        type="submit"
      >
        <span
          class="MuiButton-label"
        >
          Zatwierdź
        </span>
        <span
          class="MuiTouchRipple-root"
        >
          <span
            class="MuiTouchRipple-ripple MuiTouchRipple-rippleVisible MuiTouchRipple-ripplePulsate"
            style="width: 1px; height: 1px; top: -0.5px; left: -0.5px;"
          >
            <span
              class="MuiTouchRipple-child MuiTouchRipple-childPulsate"
            />
          </span>
        </span>
      </button>
      <button
        class="MuiButtonBase-root MuiButton-root MuiButton-text MuiButton-textPrimary Mui-focusVisible Mui-focusVisible"
        tabindex="0"
        type="button"
      >
        <span
          class="MuiButton-label"
        >
          Anuluj
        </span>
        <span
          class="MuiTouchRipple-root"
        >
          <span
            class="MuiTouchRipple-ripple MuiTouchRipple-rippleVisible MuiTouchRipple-ripplePulsate"
            style="width: 1px; height: 1px; top: -0.5px; left: -0.5px;"
          >
            <span
              class="MuiTouchRipple-child MuiTouchRipple-childPulsate"
            />
          </span>
        </span>
      </button>
    </div>
  </form>
</div>
`;
