// Jest Snapshot v1, https://goo.gl/fbAQLP

exports[`BlogList should match snapshot 1`] = `
<div>
  <div
    class="makeStyles-root-1"
  >
    <button
      aria-label="add"
      class="MuiButtonBase-root MuiFab-root makeStyles-fab-3 MuiFab-extended MuiFab-secondary"
      tabindex="0"
      type="button"
    >
      <span
        class="MuiFab-label"
      >
        <svg
          aria-hidden="true"
          class="MuiSvgIcon-root makeStyles-extendedIcon-2"
          focusable="false"
          viewBox="0 0 24 24"
        >
          <path
            d="M19 13h-6v6h-2v-6H5v-2h6V5h2v6h6v2z"
          />
        </svg>
        Dodaj blog
      </span>
      <span
        class="MuiTouchRipple-root"
      />
    </button>
  </div>
</div>
`;
