// Jest Snapshot v1, https://goo.gl/fbAQLP

exports[`AlertPopup should match snapshot 1`] = `
<div>
  <div
    class="makeStyles-root-1"
  >
    <div
      class="MuiSnackbar-root MuiSnackbar-anchorOriginBottomCenter"
    >
      <div
        class="MuiPaper-root MuiAlert-root MuiAlert-filledError MuiPaper-elevation6"
        direction="up"
        role="alert"
        style="opacity: 1; transform: scale(1, 1); transition: opacity 225ms cubic-bezier(0.4, 0, 0.2, 1) 0ms,transform 150ms cubic-bezier(0.4, 0, 0.2, 1) 0ms;"
      >
        <div
          class="MuiAlert-icon"
        >
          <svg
            aria-hidden="true"
            class="MuiSvgIcon-root MuiSvgIcon-fontSizeInherit"
            focusable="false"
            viewBox="0 0 24 24"
          >
            <path
              d="M11 15h2v2h-2zm0-8h2v6h-2zm.99-5C6.47 2 2 6.48 2 12s4.47 10 9.99 10C17.52 22 22 17.52 22 12S17.52 2 11.99 2zM12 20c-4.42 0-8-3.58-8-8s3.58-8 8-8 8 3.58 8 8-3.58 8-8 8z"
            />
          </svg>
        </div>
        <div
          class="MuiAlert-message"
        >
          test123
        </div>
        <div
          class="MuiAlert-action"
        >
          <button
            aria-label="Close"
            class="MuiButtonBase-root MuiIconButton-root MuiIconButton-colorInherit MuiIconButton-sizeSmall"
            tabindex="0"
            title="Close"
            type="button"
          >
            <span
              class="MuiIconButton-label"
            >
              <svg
                aria-hidden="true"
                class="MuiSvgIcon-root MuiSvgIcon-fontSizeSmall"
                focusable="false"
                viewBox="0 0 24 24"
              >
                <path
                  d="M19 6.41L17.59 5 12 10.59 6.41 5 5 6.41 10.59 12 5 17.59 6.41 19 12 13.41 17.59 19 19 17.59 13.41 12z"
                />
              </svg>
            </span>
            <span
              class="MuiTouchRipple-root"
            />
          </button>
        </div>
      </div>
    </div>
  </div>
</div>
`;
